// Jest Snapshot v1, https://goo.gl/fbAQLP

exports[`directives remark plugin - client compiler default behavior for container directives: console 1`] = `
[
  [
    "[WARNING] Docusaurus found 1 unused Markdown directives in file "packages/docusaurus-mdx-loader/src/remark/unusedDirectives/__tests__/__fixtures__/containerDirectives.md"
- :::unusedDirective (7:1)
Your content might render in an unexpected way. Visit https://github.com/facebook/docusaurus/pull/9394 to find out why and how to fix it.",
  ],
]
`;

exports[`directives remark plugin - client compiler default behavior for container directives: result 1`] = `
"<admonition type="danger"><p>Take care of snowstorms...</p></admonition>
<div><p>unused directive content</p></div>
<p>:::NotAContainerDirective with a phrase after</p>
<p>:::</p>
<p>Phrase before :::NotAContainerDirective</p>
<p>:::</p>"
`;

exports[`directives remark plugin - client compiler default behavior for leaf directives: console 1`] = `
[
  [
    "[WARNING] Docusaurus found 1 unused Markdown directives in file "packages/docusaurus-mdx-loader/src/remark/unusedDirectives/__tests__/__fixtures__/leafDirectives.md"
- ::unusedLeafDirective (1:1)
Your content might render in an unexpected way. Visit https://github.com/facebook/docusaurus/pull/9394 to find out why and how to fix it.",
  ],
]
`;

exports[`directives remark plugin - client compiler default behavior for leaf directives: result 1`] = `
"<div></div>
<p>Leaf directive in a phrase ::NotALeafDirective</p>
<p>::NotALeafDirective with a phrase after</p>"
`;

exports[`directives remark plugin - client compiler default behavior for text directives: console 1`] = `
[
  [
    "[WARNING] Docusaurus found 2 unused Markdown directives in file "packages/docusaurus-mdx-loader/src/remark/unusedDirectives/__tests__/__fixtures__/textDirectives.md"
- :textDirective3 (9:7)
- :textDirective4 (11:7)
Your content might render in an unexpected way. Visit https://github.com/facebook/docusaurus/pull/9394 to find out why and how to fix it.",
  ],
]
`;

exports[`directives remark plugin - client compiler default behavior for text directives: result 1`] = `
"<p>Simple: textDirective1</p>
<pre><code class="language-sh">Simple: textDirectiveCode
</code></pre>
<p>Simple:textDirective2</p>
<p>Simple<div>label</div></p>
<p>Simple<div></div></p>
<p>Simple:textDirective5</p>
<pre><code class="language-sh">Simple:textDirectiveCode
</code></pre>"
`;

exports[`directives remark plugin - server compiler default behavior for container directives: result 1`] = `
"<admonition type="danger"><p>Take care of snowstorms...</p></admonition>
<div><p>unused directive content</p></div>
<p>:::NotAContainerDirective with a phrase after</p>
<p>:::</p>
<p>Phrase before :::NotAContainerDirective</p>
<p>:::</p>"
`;

exports[`directives remark plugin - server compiler default behavior for leaf directives: result 1`] = `
"<div></div>
<p>Leaf directive in a phrase ::NotALeafDirective</p>
<p>::NotALeafDirective with a phrase after</p>"
`;

exports[`directives remark plugin - server compiler default behavior for text directives: result 1`] = `
"<p>Simple: textDirective1</p>
<pre><code class="language-sh">Simple: textDirectiveCode
</code></pre>
<p>Simple:textDirective2</p>
<p>Simple<div>label</div></p>
<p>Simple<div></div></p>
<p>Simple:textDirective5</p>
<pre><code class="language-sh">Simple:textDirectiveCode
</code></pre>"
`;
