// Jest Snapshot v1, https://goo.gl/fbAQLP

exports[`base webpack config creates webpack aliases 1`] = `
{
  "@docusaurus/BrowserOnly": "../../../../client/exports/BrowserOnly.tsx",
  "@docusaurus/ComponentCreator": "../../../../client/exports/ComponentCreator.tsx",
  "@docusaurus/ErrorBoundary": "../../../../client/exports/ErrorBoundary.tsx",
  "@docusaurus/ExecutionEnvironment": "../../../../client/exports/ExecutionEnvironment.ts",
  "@docusaurus/Head": "../../../../client/exports/Head.tsx",
  "@docusaurus/Interpolate": "../../../../client/exports/Interpolate.tsx",
  "@docusaurus/Link": "../../../../client/exports/Link.tsx",
  "@docusaurus/Noop": "../../../../client/exports/Noop.ts",
  "@docusaurus/Translate": "../../../../client/exports/Translate.tsx",
  "@docusaurus/constants": "../../../../client/exports/constants.ts",
  "@docusaurus/isInternalUrl": "../../../../client/exports/isInternalUrl.ts",
  "@docusaurus/renderRoutes": "../../../../client/exports/renderRoutes.ts",
  "@docusaurus/router": "../../../../client/exports/router.ts",
  "@docusaurus/useBaseUrl": "../../../../client/exports/useBaseUrl.ts",
  "@docusaurus/useBrokenLinks": "../../../../client/exports/useBrokenLinks.ts",
  "@docusaurus/useDocusaurusContext": "../../../../client/exports/useDocusaurusContext.ts",
  "@docusaurus/useGlobalData": "../../../../client/exports/useGlobalData.ts",
  "@docusaurus/useIsBrowser": "../../../../client/exports/useIsBrowser.ts",
  "@docusaurus/useIsomorphicLayoutEffect": "../../../../client/exports/useIsomorphicLayoutEffect.tsx",
  "@docusaurus/useRouteContext": "../../../../client/exports/useRouteContext.tsx",
  "@generated": "../../../../../../..",
  "@mdx-js/react": "../../../../../../../node_modules/@mdx-js/react",
  "@site": "",
  "@theme-init/PluginThemeComponentEnhanced": "pluginThemeFolder/PluginThemeComponentEnhanced.js",
  "@theme-original/Error": "../../../../client/theme-fallback/Error/index.tsx",
  "@theme-original/Layout": "../../../../client/theme-fallback/Layout/index.tsx",
  "@theme-original/Loading": "../../../../client/theme-fallback/Loading/index.tsx",
  "@theme-original/NotFound": "../../../../client/theme-fallback/NotFound/index.tsx",
  "@theme-original/PluginThemeComponent1": "pluginThemeFolder/PluginThemeComponent1.js",
  "@theme-original/PluginThemeComponentEnhanced": "secondPluginThemeFolder/PluginThemeComponentEnhanced.js",
  "@theme-original/PluginThemeComponentOverriddenByUser": "pluginThemeFolder/PluginThemeComponentOverriddenByUser.js",
  "@theme-original/Root": "../../../../client/theme-fallback/Root/index.tsx",
  "@theme-original/SiteMetadata": "../../../../client/theme-fallback/SiteMetadata/index.tsx",
  "@theme-original/subfolder/PluginThemeComponent2": "pluginThemeFolder/subfolder/PluginThemeComponent2.js",
  "@theme/Error": "../../../../client/theme-fallback/Error/index.tsx",
  "@theme/Layout": "../../../../client/theme-fallback/Layout/index.tsx",
  "@theme/Loading": "../../../../client/theme-fallback/Loading/index.tsx",
  "@theme/NotFound": "../../../../client/theme-fallback/NotFound/index.tsx",
  "@theme/PluginThemeComponent1": "pluginThemeFolder/PluginThemeComponent1.js",
  "@theme/PluginThemeComponentEnhanced": "src/theme/PluginThemeComponentEnhanced.js",
  "@theme/PluginThemeComponentOverriddenByUser": "src/theme/PluginThemeComponentOverriddenByUser.js",
  "@theme/Root": "../../../../client/theme-fallback/Root/index.tsx",
  "@theme/SiteMetadata": "../../../../client/theme-fallback/SiteMetadata/index.tsx",
  "@theme/UserThemeComponent1": "src/theme/UserThemeComponent1.js",
  "@theme/subfolder/PluginThemeComponent2": "pluginThemeFolder/subfolder/PluginThemeComponent2.js",
  "@theme/subfolder/UserThemeComponent2": "src/theme/subfolder/UserThemeComponent2.js",
  "react": "../../../../../../../node_modules/react",
  "react-dom": "../../../../../../../node_modules/react-dom",
}
`;
