// Jest Snapshot v1, https://goo.gl/fbAQLP

exports[`Download icon Should render a snapshot that is good 1`] = `
<svg
  height={24}
  viewBox="0 0 24 24"
  width={24}
  xmlns="http://www.w3.org/2000/svg"
>
  <path
    d="M0 0h24v24H0z"
    fill="none"
  />
  <path
    d="M19.35 10.04C18.67 6.59 15.64 4 12 4 9.11 4 6.6 5.64 5.35 8.04 2.34 8.36 0 10.91 0 14c0 3.31 2.69 6 6 6h13c2.76 0 5-2.24 5-5 0-2.64-2.05-4.78-4.65-4.96zM17 13l-5 5-5-5h3V9h4v4h3z"
    fill="#000"
  />
</svg>
`;

exports[`Loading icon Should render a snapshot that is good 1`] = `
<svg
  height={24}
  viewBox="0 0 24 24"
  width={24}
  xmlns="http://www.w3.org/2000/svg"
>
  <path
    d="M0 0h24v24H0z"
    fill="none"
  />
  <path
    d="M6,2V8H6V8L10,12L6,16V16H6V22H18V16H18V16L14,12L18,8V8H18V2H6M16,16.5V20H8V16.5L12,12.5L16,16.5M12,11.5L8,7.5V4H16V7.5L12,11.5Z"
    fill="#000"
  />
</svg>
`;

exports[`Offline icon Should render a snapshot that is good 1`] = `
<svg
  height={24}
  viewBox="0 0 24 24"
  width={24}
  xmlns="http://www.w3.org/2000/svg"
>
  <path
    d="M0 0h24v24H0z"
    fill="none"
  />
  <path
    d="M19.35 10.04C18.67 6.59 15.64 4 12 4c-1.48 0-2.85.43-4.01 1.17l1.46 1.46C10.21 6.23 11.08 6 12 6c3.04 0 5.5 2.46 5.5 5.5v.5H19c1.66 0 3 1.34 3 3 0 1.13-.64 2.11-1.56 2.62l1.45 1.45C23.16 18.16 24 16.68 24 15c0-2.64-2.05-4.78-4.65-4.96zM3 5.27l2.75 2.74C2.56 8.15 0 10.77 0 14c0 3.31 2.69 6 6 6h11.73l2 2L21 20.73 4.27 4 3 5.27zM7.73 10l8 8H6c-2.21 0-4-1.79-4-4s1.79-4 4-4h1.73z"
    fill="#000"
  />
</svg>
`;

exports[`Warning icon Should render a snapshot that is good 1`] = `
<svg
  height={24}
  viewBox="0 0 24 24"
  width={24}
  xmlns="http://www.w3.org/2000/svg"
>
  <path
    d="M0 0h24v24H0z"
    fill="none"
  />
  <path
    d="M12 2C6.48 2 2 6.48 2 12s4.48 10 10 10 10-4.48 10-10S17.52 2 12 2zm1 15h-2v-2h2v2zm0-4h-2V7h2v6z"
    fill="#000"
  />
</svg>
`;
