// Jest Snapshot v1, https://goo.gl/fbAQLP

exports[`minimal site can load current version 1`] = `
{
  "badge": false,
  "banner": null,
  "className": "docs-version-current",
  "contentPath": "<PROJECT_ROOT>/packages/docusaurus-plugin-content-docs/src/versions/__tests__/__fixtures__/minimal-site/docs",
  "contentPathLocalized": "<PROJECT_ROOT>/packages/docusaurus-plugin-content-docs/src/versions/__tests__/__fixtures__/minimal-site/i18n/en/docusaurus-plugin-content-docs/current",
  "docs": [
    {
      "description": "World",
      "draft": false,
      "editUrl": undefined,
      "frontMatter": {},
      "id": "hello",
      "lastUpdatedAt": undefined,
      "lastUpdatedBy": undefined,
      "next": undefined,
      "permalink": "/docs/hello",
      "previous": undefined,
      "sidebar": "defaultSidebar",
      "sidebarPosition": undefined,
      "slug": "/hello",
      "source": "@site/docs/hello.md",
      "sourceDirName": ".",
      "tags": [],
      "title": "Hello",
      "unlisted": false,
      "version": "current",
    },
  ],
  "drafts": [],
  "editUrl": undefined,
  "editUrlLocalized": undefined,
  "isLast": true,
  "label": "Next",
  "noIndex": false,
  "path": "/docs",
  "routePriority": -1,
  "sidebarFilePath": undefined,
  "sidebars": {
    "defaultSidebar": [
      {
        "id": "hello",
        "type": "doc",
      },
    ],
  },
  "tagsPath": "/docs/tags",
  "versionName": "current",
}
`;
