// Jest Snapshot v1, https://goo.gl/fbAQLP

exports[`footnoteIDFixer remark plugin appends a hash to each footnote def/ref 1`] = `
"import {Fragment as _Fragment, jsx as _jsx, jsxs as _jsxs} from "react/jsx-runtime";
function _createMdxContent(props) {
  const _components = {
    a: "a",
    h2: "h2",
    li: "li",
    ol: "ol",
    p: "p",
    section: "section",
    sup: "sup",
    ...props.components
  };
  return _jsxs(_Fragment, {
    children: [_jsxs(_components.p, {
      children: ["foo", _jsx(_components.sup, {
        children: _jsx(_components.a, {
          href: "#user-content-fn-1-[HASH]",
          id: "user-content-fnref-1-[HASH]",
          "data-footnote-ref": true,
          "aria-describedby": "footnote-label",
          children: "1"
        })
      })]
    }), "/n", _jsxs(_components.p, {
      children: ["bar", _jsx(_components.sup, {
        children: _jsx(_components.a, {
          href: "#user-content-fn-2-[HASH]",
          id: "user-content-fnref-2-[HASH]",
          "data-footnote-ref": true,
          "aria-describedby": "footnote-label",
          children: "2"
        })
      })]
    }), "/n", _jsxs(_components.p, {
      children: ["baz", _jsx(_components.sup, {
        children: _jsx(_components.a, {
          href: "#user-content-fn-3-[HASH]",
          id: "user-content-fnref-3-[HASH]",
          "data-footnote-ref": true,
          "aria-describedby": "footnote-label",
          children: "3"
        })
      })]
    }), "/n", _jsxs(_components.section, {
      "data-footnotes": true,
      className: "footnotes",
      children: [_jsx(_components.h2, {
        className: "sr-only",
        id: "footnote-label",
        children: "Footnotes"
      }), "/n", _jsxs(_components.ol, {
        children: ["/n", _jsxs(_components.li, {
          id: "user-content-fn-1-[HASH]",
          children: ["/n", _jsxs(_components.p, {
            children: ["foo ", _jsx(_components.a, {
              href: "#user-content-fnref-1-[HASH]",
              "data-footnote-backref": "",
              "aria-label": "Back to reference 1",
              className: "data-footnote-backref",
              children: "↩"
            })]
          }), "/n"]
        }), "/n", _jsxs(_components.li, {
          id: "user-content-fn-2-[HASH]",
          children: ["/n", _jsxs(_components.p, {
            children: ["foo ", _jsx(_components.a, {
              href: "#user-content-fnref-2-[HASH]",
              "data-footnote-backref": "",
              "aria-label": "Back to reference 2",
              className: "data-footnote-backref",
              children: "↩"
            })]
          }), "/n"]
        }), "/n", _jsxs(_components.li, {
          id: "user-content-fn-3-[HASH]",
          children: ["/n", _jsxs(_components.p, {
            children: ["foo ", _jsx(_components.a, {
              href: "#user-content-fnref-3-[HASH]",
              "data-footnote-backref": "",
              "aria-label": "Back to reference 3",
              className: "data-footnote-backref",
              children: "↩"
            })]
          }), "/n"]
        }), "/n"]
      }), "/n"]
    })]
  });
}
export default function MDXContent(props = {}) {
  const {wrapper: MDXLayout} = props.components || ({});
  return MDXLayout ? _jsx(MDXLayout, {
    ...props,
    children: _jsx(_createMdxContent, {
      ...props
    })
  }) : _createMdxContent(props);
}
"
`;
