// Jest Snapshot v1, https://goo.gl/fbAQLP

exports[`docsVersion first time versioning 1`] = `
{
  "docs": {
    "Guides": [
      "hello",
    ],
    "Test": [
      {
        "items": [
          "foo/bar",
          "doc-unlisted",
          "foo/baz",
        ],
        "label": "foo",
        "type": "category",
      },
      {
        "items": [
          "unlisted-category/unlisted-category-doc",
        ],
        "label": "Unlisted category",
        "link": {
          "id": "unlisted-category/unlisted-category-index",
          "type": "doc",
        },
        "type": "category",
      },
      {
        "items": [
          "rootAbsoluteSlug",
          "rootRelativeSlug",
          "rootResolvedSlug",
          "rootTryToEscapeSlug",
        ],
        "label": "Slugs",
        "link": {
          "type": "generated-index",
        },
        "type": "category",
      },
      {
        "id": "headingAsTitle",
        "type": "doc",
      },
      {
        "href": "https://github.com",
        "label": "GitHub",
        "type": "link",
      },
      {
        "id": "hello",
        "type": "ref",
      },
    ],
  },
}
`;

exports[`docsVersion not the first time versioning 1`] = `
{
  "docs": {
    "Guides": [
      "hello",
    ],
    "Test": [
      "foo/bar",
    ],
  },
}
`;

exports[`docsVersion second docs instance versioning 1`] = `
{
  "community": [
    "team",
  ],
}
`;

exports[`docsVersion works with custom i18n paths 1`] = `
[
  {
    "dirName": ".",
    "type": "autogenerated",
  },
]
`;
