// Jest Snapshot v1, https://goo.gl/fbAQLP

exports[`getLoadedContentTranslationFiles returns translation files 1`] = `
[
  {
    "content": {
      "sidebar.docs.category.Getting started": {
        "description": "The label for category Getting started in sidebar docs",
        "message": "Getting started",
      },
      "sidebar.docs.category.Getting started.link.generated-index.description": {
        "description": "The generated-index page description for category Getting started in sidebar docs",
        "message": "Getting started index description",
      },
      "sidebar.docs.category.Getting started.link.generated-index.title": {
        "description": "The generated-index page title for category Getting started in sidebar docs",
        "message": "Getting started index title",
      },
      "sidebar.docs.doc.Second doc translatable": {
        "description": "The label for the doc item Second doc translatable in sidebar docs, linking to the doc doc2",
        "message": "Second doc translatable",
      },
      "sidebar.docs.link.Link label": {
        "description": "The label for link Link label in sidebar docs, linking to https://facebook.com",
        "message": "Link label",
      },
      "sidebar.otherSidebar.doc.Fifth doc translatable": {
        "description": "The label for the doc item Fifth doc translatable in sidebar otherSidebar, linking to the doc doc5",
        "message": "Fifth doc translatable",
      },
      "version.label": {
        "description": "The label for version current",
        "message": "current label",
      },
    },
    "path": "current",
  },
  {
    "content": {
      "sidebar.docs.category.Getting started": {
        "description": "The label for category Getting started in sidebar docs",
        "message": "Getting started",
      },
      "sidebar.docs.category.Getting started.link.generated-index.description": {
        "description": "The generated-index page description for category Getting started in sidebar docs",
        "message": "Getting started index description",
      },
      "sidebar.docs.category.Getting started.link.generated-index.title": {
        "description": "The generated-index page title for category Getting started in sidebar docs",
        "message": "Getting started index title",
      },
      "sidebar.docs.doc.Second doc translatable": {
        "description": "The label for the doc item Second doc translatable in sidebar docs, linking to the doc doc2",
        "message": "Second doc translatable",
      },
      "sidebar.docs.link.Link label": {
        "description": "The label for link Link label in sidebar docs, linking to https://facebook.com",
        "message": "Link label",
      },
      "sidebar.otherSidebar.doc.Fifth doc translatable": {
        "description": "The label for the doc item Fifth doc translatable in sidebar otherSidebar, linking to the doc doc5",
        "message": "Fifth doc translatable",
      },
      "version.label": {
        "description": "The label for version 2.0.0",
        "message": "2.0.0 label",
      },
    },
    "path": "version-2.0.0",
  },
  {
    "content": {
      "sidebar.docs.category.Getting started": {
        "description": "The label for category Getting started in sidebar docs",
        "message": "Getting started",
      },
      "sidebar.docs.category.Getting started.link.generated-index.description": {
        "description": "The generated-index page description for category Getting started in sidebar docs",
        "message": "Getting started index description",
      },
      "sidebar.docs.category.Getting started.link.generated-index.title": {
        "description": "The generated-index page title for category Getting started in sidebar docs",
        "message": "Getting started index title",
      },
      "sidebar.docs.doc.Second doc translatable": {
        "description": "The label for the doc item Second doc translatable in sidebar docs, linking to the doc doc2",
        "message": "Second doc translatable",
      },
      "sidebar.docs.link.Link label": {
        "description": "The label for link Link label in sidebar docs, linking to https://facebook.com",
        "message": "Link label",
      },
      "sidebar.otherSidebar.doc.Fifth doc translatable": {
        "description": "The label for the doc item Fifth doc translatable in sidebar otherSidebar, linking to the doc doc5",
        "message": "Fifth doc translatable",
      },
      "version.label": {
        "description": "The label for version 1.0.0",
        "message": "1.0.0 label",
      },
    },
    "path": "version-1.0.0",
  },
]
`;

exports[`translateLoadedContent returns translated loaded content 1`] = `
{
  "loadedVersions": [
    {
      "badge": true,
      "banner": null,
      "className": "",
      "contentPath": "any",
      "contentPathLocalized": "any",
      "docs": [
        {
          "description": "doc1 description",
          "draft": false,
          "editUrl": "any",
          "frontMatter": {
            "sidebar_label": "doc1 title",
          },
          "id": "doc1",
          "lastUpdatedAt": 0,
          "lastUpdatedBy": "any",
          "next": undefined,
          "permalink": "any",
          "previous": undefined,
          "slug": "any",
          "source": "any",
          "sourceDirName": "",
          "tags": [],
          "title": "doc1 title",
          "version": "any",
        },
        {
          "description": "doc2 description",
          "draft": false,
          "editUrl": "any",
          "frontMatter": {
            "sidebar_label": "doc2 title",
          },
          "id": "doc2",
          "lastUpdatedAt": 0,
          "lastUpdatedBy": "any",
          "next": undefined,
          "permalink": "any",
          "previous": undefined,
          "slug": "any",
          "source": "any",
          "sourceDirName": "",
          "tags": [],
          "title": "doc2 title",
          "version": "any",
        },
        {
          "description": "doc3 description",
          "draft": false,
          "editUrl": "any",
          "frontMatter": {
            "sidebar_label": "doc3 title",
          },
          "id": "doc3",
          "lastUpdatedAt": 0,
          "lastUpdatedBy": "any",
          "next": undefined,
          "permalink": "any",
          "previous": undefined,
          "slug": "any",
          "source": "any",
          "sourceDirName": "",
          "tags": [],
          "title": "doc3 title",
          "version": "any",
        },
        {
          "description": "doc4 description",
          "draft": false,
          "editUrl": "any",
          "frontMatter": {
            "sidebar_label": "doc4 title",
          },
          "id": "doc4",
          "lastUpdatedAt": 0,
          "lastUpdatedBy": "any",
          "next": undefined,
          "permalink": "any",
          "previous": undefined,
          "slug": "any",
          "source": "any",
          "sourceDirName": "",
          "tags": [],
          "title": "doc4 title",
          "version": "any",
        },
        {
          "description": "doc5 description",
          "draft": false,
          "editUrl": "any",
          "frontMatter": {
            "sidebar_label": "doc5 title",
          },
          "id": "doc5",
          "lastUpdatedAt": 0,
          "lastUpdatedBy": "any",
          "next": undefined,
          "permalink": "any",
          "previous": undefined,
          "slug": "any",
          "source": "any",
          "sourceDirName": "",
          "tags": [],
          "title": "doc5 title",
          "version": "any",
        },
      ],
      "drafts": [],
      "isLast": true,
      "label": "current label (translated)",
      "path": "/docs/",
      "routePriority": undefined,
      "sidebarFilePath": "any",
      "sidebars": {
        "docs": [
          {
            "collapsed": false,
            "collapsible": true,
            "items": [
              {
                "id": "doc1",
                "type": "doc",
              },
              {
                "id": "doc2",
                "label": "Second doc translatable (translated)",
                "translatable": true,
                "type": "doc",
              },
              {
                "href": "https://facebook.com",
                "label": "Link label (translated)",
                "type": "link",
              },
              {
                "id": "doc1",
                "type": "ref",
              },
            ],
            "label": "Getting started (translated)",
            "link": {
              "description": "Getting started index description (translated)",
              "permalink": "/docs/category/getting-started-index-slug",
              "slug": "/category/getting-started-index-slug",
              "title": "Getting started index title (translated)",
              "type": "generated-index",
            },
            "type": "category",
          },
          {
            "id": "doc3",
            "type": "doc",
          },
        ],
        "otherSidebar": [
          {
            "id": "doc4",
            "type": "doc",
          },
          {
            "id": "doc5",
            "label": "Fifth doc translatable (translated)",
            "translatable": true,
            "type": "ref",
          },
        ],
      },
      "tagsPath": "/tags/",
      "versionName": "current",
    },
    {
      "badge": true,
      "banner": null,
      "className": "",
      "contentPath": "any",
      "contentPathLocalized": "any",
      "docs": [
        {
          "description": "doc1 description",
          "draft": false,
          "editUrl": "any",
          "frontMatter": {
            "sidebar_label": "doc1 title",
          },
          "id": "doc1",
          "lastUpdatedAt": 0,
          "lastUpdatedBy": "any",
          "next": undefined,
          "permalink": "any",
          "previous": undefined,
          "slug": "any",
          "source": "any",
          "sourceDirName": "",
          "tags": [],
          "title": "doc1 title",
          "version": "any",
        },
        {
          "description": "doc2 description",
          "draft": false,
          "editUrl": "any",
          "frontMatter": {
            "sidebar_label": "doc2 title",
          },
          "id": "doc2",
          "lastUpdatedAt": 0,
          "lastUpdatedBy": "any",
          "next": undefined,
          "permalink": "any",
          "previous": undefined,
          "slug": "any",
          "source": "any",
          "sourceDirName": "",
          "tags": [],
          "title": "doc2 title",
          "version": "any",
        },
        {
          "description": "doc3 description",
          "draft": false,
          "editUrl": "any",
          "frontMatter": {
            "sidebar_label": "doc3 title",
          },
          "id": "doc3",
          "lastUpdatedAt": 0,
          "lastUpdatedBy": "any",
          "next": undefined,
          "permalink": "any",
          "previous": undefined,
          "slug": "any",
          "source": "any",
          "sourceDirName": "",
          "tags": [],
          "title": "doc3 title",
          "version": "any",
        },
        {
          "description": "doc4 description",
          "draft": false,
          "editUrl": "any",
          "frontMatter": {
            "sidebar_label": "doc4 title",
          },
          "id": "doc4",
          "lastUpdatedAt": 0,
          "lastUpdatedBy": "any",
          "next": undefined,
          "permalink": "any",
          "previous": undefined,
          "slug": "any",
          "source": "any",
          "sourceDirName": "",
          "tags": [],
          "title": "doc4 title",
          "version": "any",
        },
        {
          "description": "doc5 description",
          "draft": false,
          "editUrl": "any",
          "frontMatter": {
            "sidebar_label": "doc5 title",
          },
          "id": "doc5",
          "lastUpdatedAt": 0,
          "lastUpdatedBy": "any",
          "next": undefined,
          "permalink": "any",
          "previous": undefined,
          "slug": "any",
          "source": "any",
          "sourceDirName": "",
          "tags": [],
          "title": "doc5 title",
          "version": "any",
        },
      ],
      "drafts": [],
      "isLast": true,
      "label": "2.0.0 label (translated)",
      "path": "/docs/",
      "routePriority": undefined,
      "sidebarFilePath": "any",
      "sidebars": {
        "docs": [
          {
            "collapsed": false,
            "collapsible": true,
            "items": [
              {
                "id": "doc1",
                "type": "doc",
              },
              {
                "id": "doc2",
                "label": "Second doc translatable (translated)",
                "translatable": true,
                "type": "doc",
              },
              {
                "href": "https://facebook.com",
                "label": "Link label (translated)",
                "type": "link",
              },
              {
                "id": "doc1",
                "type": "ref",
              },
            ],
            "label": "Getting started (translated)",
            "link": {
              "description": "Getting started index description (translated)",
              "permalink": "/docs/category/getting-started-index-slug",
              "slug": "/category/getting-started-index-slug",
              "title": "Getting started index title (translated)",
              "type": "generated-index",
            },
            "type": "category",
          },
          {
            "id": "doc3",
            "type": "doc",
          },
        ],
        "otherSidebar": [
          {
            "id": "doc4",
            "type": "doc",
          },
          {
            "id": "doc5",
            "label": "Fifth doc translatable (translated)",
            "translatable": true,
            "type": "ref",
          },
        ],
      },
      "tagsPath": "/tags/",
      "versionName": "2.0.0",
    },
    {
      "badge": true,
      "banner": null,
      "className": "",
      "contentPath": "any",
      "contentPathLocalized": "any",
      "docs": [
        {
          "description": "doc1 description",
          "draft": false,
          "editUrl": "any",
          "frontMatter": {
            "sidebar_label": "doc1 title",
          },
          "id": "doc1",
          "lastUpdatedAt": 0,
          "lastUpdatedBy": "any",
          "next": undefined,
          "permalink": "any",
          "previous": undefined,
          "slug": "any",
          "source": "any",
          "sourceDirName": "",
          "tags": [],
          "title": "doc1 title",
          "version": "any",
        },
        {
          "description": "doc2 description",
          "draft": false,
          "editUrl": "any",
          "frontMatter": {
            "sidebar_label": "doc2 title",
          },
          "id": "doc2",
          "lastUpdatedAt": 0,
          "lastUpdatedBy": "any",
          "next": undefined,
          "permalink": "any",
          "previous": undefined,
          "slug": "any",
          "source": "any",
          "sourceDirName": "",
          "tags": [],
          "title": "doc2 title",
          "version": "any",
        },
        {
          "description": "doc3 description",
          "draft": false,
          "editUrl": "any",
          "frontMatter": {
            "sidebar_label": "doc3 title",
          },
          "id": "doc3",
          "lastUpdatedAt": 0,
          "lastUpdatedBy": "any",
          "next": undefined,
          "permalink": "any",
          "previous": undefined,
          "slug": "any",
          "source": "any",
          "sourceDirName": "",
          "tags": [],
          "title": "doc3 title",
          "version": "any",
        },
        {
          "description": "doc4 description",
          "draft": false,
          "editUrl": "any",
          "frontMatter": {
            "sidebar_label": "doc4 title",
          },
          "id": "doc4",
          "lastUpdatedAt": 0,
          "lastUpdatedBy": "any",
          "next": undefined,
          "permalink": "any",
          "previous": undefined,
          "slug": "any",
          "source": "any",
          "sourceDirName": "",
          "tags": [],
          "title": "doc4 title",
          "version": "any",
        },
        {
          "description": "doc5 description",
          "draft": false,
          "editUrl": "any",
          "frontMatter": {
            "sidebar_label": "doc5 title",
          },
          "id": "doc5",
          "lastUpdatedAt": 0,
          "lastUpdatedBy": "any",
          "next": undefined,
          "permalink": "any",
          "previous": undefined,
          "slug": "any",
          "source": "any",
          "sourceDirName": "",
          "tags": [],
          "title": "doc5 title",
          "version": "any",
        },
      ],
      "drafts": [],
      "isLast": true,
      "label": "1.0.0 label (translated)",
      "path": "/docs/",
      "routePriority": undefined,
      "sidebarFilePath": "any",
      "sidebars": {
        "docs": [
          {
            "collapsed": false,
            "collapsible": true,
            "items": [
              {
                "id": "doc1",
                "type": "doc",
              },
              {
                "id": "doc2",
                "label": "Second doc translatable (translated)",
                "translatable": true,
                "type": "doc",
              },
              {
                "href": "https://facebook.com",
                "label": "Link label (translated)",
                "type": "link",
              },
              {
                "id": "doc1",
                "type": "ref",
              },
            ],
            "label": "Getting started (translated)",
            "link": {
              "description": "Getting started index description (translated)",
              "permalink": "/docs/category/getting-started-index-slug",
              "slug": "/category/getting-started-index-slug",
              "title": "Getting started index title (translated)",
              "type": "generated-index",
            },
            "type": "category",
          },
          {
            "id": "doc3",
            "type": "doc",
          },
        ],
        "otherSidebar": [
          {
            "id": "doc4",
            "type": "doc",
          },
          {
            "id": "doc5",
            "label": "Fifth doc translatable (translated)",
            "translatable": true,
            "type": "ref",
          },
        ],
      },
      "tagsPath": "/tags/",
      "versionName": "1.0.0",
    },
  ],
}
`;
